// Jest Snapshot v1, https://goo.gl/fbAQLP

exports[`test App component first test 1`] = `
<input
  placeholder="input value"
  type="text"
  value=""
/>
`;
